./impl/an_dike_linux.c
./impl/an_proc_linux.c
./impl/an_ipv6_send_linux.c
./impl/an_sign_linux.c
./impl/an_if_linux.c
./impl/an_ntp_linux.c
./impl/an_mem_guard_linux.c
./impl/an_str_linux.c
./impl/an_http_linux.c
./impl/an_l2_linux.c
./impl/an_timer_linux.c
./impl/an_avl_linux.c
./impl/an_ether_linux.c
./impl/an_file_linux.c
./impl/an_logger_linux.c
./impl/an_udp_linux.c
./impl/an_cert_linux.c
./impl/an_syslog_linux.c
./impl/an_misc_linux.c
./impl/an_icmp6_linux.c
./impl/an_list_linux.c
./impl/an_conf_linux.c
./impl/an_addr_linux.c
./impl/an_key_linux.c
./impl/an_pak_linux.c
./impl/an_aaa_linux.c
./impl/an_tunnel_linux.c
./impl/an_routing_linux.c
./impl/an_service_discovery_linux.c
./impl/an_ipv6_nd_linux.c
./impl/an_sock_linux.c
./impl/an_ipv6_linux.c
./impl/an_ike_linux.c
./impl/an_sudi_linux.c
./impl/an_mem_linux.c
./impl/an_ipsec_linux.c
./impl/an_bitlist_linux.c
./simulator/src/an_clisim_hash_test.c
./simulator/src/an_clisim_if_event_test.c
./simulator/src/an_clisim.c
./simulator/src/an_clisim_net_test.c
./simulator/src/an_clisim_conf.c
./simulator/src/an_clisim_logg.c
./simulator/src/an_clisim_show.c
./simulator/src/an_clisim_event_test.c
./simulator/src/an_clisim_avl_test.c
./simulator/src/an_clisim_host.c
./simulator/src/an_clisim_addr_event_test.c
./simulator/src/an_clisim_debug.c
./simulator/src/an_clisim_list_test.c
./simulator/src/an_clisim_snbi_test.c
./common/an_tlv.c
./common/an_ni.c
./common/an_nd.c
./common/an_acp_ntp.c
./common/an_nbr_db.c
./common/an_bs.c
./common/an_config_download.c
./common/an_acp.c
./common/an_msg_mgr.c
./common/an_new.c
./common/an_event_mgr.c
./common/an_acp_cnp.c
./common/an_event_mgr_db.c
./common/an_srvc_db.c
./common/an_util.c
./common/an_idp.c
./common/an_srvc.c
./common/an_external_anra.c
./common/an_if_mgr.c
./common/an_cd.c
./common/an_anra.c
./common/an_intent.c
./common/an.c
./lib/olibc_common/src/olibc_common.c
./lib/olibc_common/src/olibc_mem.c
./lib/olibc_list/src/olibc_list.c
./lib/olibc_hash/src/olibc_hash.c
./lib/olibc_net/src/olibc_if_rt_netlink.c
./lib/olibc_net/src/olibc_netlink.c
./lib/olibc_net/src/olibc_if_event.c
./lib/olibc_net/src/olibc_rt_netlink.c
./lib/olibc_net/src/olibc_addr_rt_netlink.c
./lib/olibc_net/src/olibc_addr_event.c
./lib/olibc_pak/src/olibc_pak.c
./lib/olibc_cliParser/src/cparser_io_unix.c
./lib/olibc_cliParser/src/cparser.c
./lib/olibc_cliParser/src/cparser_fsm.c
./lib/olibc_cliParser/src/cparser_token_tbl.c
./lib/olibc_cliParser/src/cparser_line.c
./lib/olibc_cliParser/src/cparser_token.c
./lib/olibc_cliParser/src/cparser_tree.c
./lib/olibc_avl/test/avl_test_old.c
./lib/olibc_avl/test/avl_test.c
./lib/olibc_avl/src/olibc_avl.c
./lib/olibc_event/src/olibc_timer.c
./lib/olibc_event/src/olibc_pthread.c
./lib/olibc_event/src/olibc_msg_q.c
./lib/olibc_event/src/olibc_fd_event.c
./impl/an_list_linux.h
./impl/an_logger_linux.h
./impl/an_olibc.h
./impl/an_sock_linux.h
./impl/an_if_linux.h
./impl/an_timer_linux.h
./impl/an_cert_linux.h
./impl/an_pak_linux.h
./impl/an_types_linux.h
./impl/an_http_linux.h
./impl/an_file_linux.h
./impl/an_l2_linux.h
./impl/an_conf_linux.h
./impl/an_proc_linux.h
./impl/an_service_discovery_linux.h
./impl/an_avl_linux.h
./al/an_list.h
./al/an_tunnel.h
./al/an_cert.h
./al/an_icmp6.h
./al/an_sudi.h
./al/an_sign.h
./al/an_ike.h
./al/an_mem_guard.h
./al/an_config_copy.h
./al/an_if.h
./al/an_bitlist.h
./al/an_key.h
./al/an_ipv6.h
./al/an_ntp.h
./al/an_file.h
./al/an_routing.h
./al/an_dike.h
./al/an_str.h
./al/an_ipsec.h
./al/an_avl.h
./al/an_pak.h
./al/an_logger.h
./al/an_ipv6_send.h
./al/an_udp.h
./al/an_aaa.h
./al/an_ipv6_nd.h
./al/an_addr.h
./al/an_types.h
./al/an_timer.h
./al/an_ether.h
./al/an_mem.h
./al/an_misc.h
./al/an_syslog.h
./common/an_external_anra.h
./common/an_event_mgr_db.h
./common/an.h
./common/an_if_mgr.h
./common/an_anra_db.h
./common/an_bs.h
./common/an_acp_cnp.h
./common/an_acp_ntp.h
./common/an_anra.h
./common/an_event_mgr.h
./common/an_config_download.h
./common/an_tlv.h
./common/an_srvc.h
./common/an_srvc_db.h
./common/an_ni.h
./common/an_msg_mgr.h
./common/an_nd.h
./common/an_idp.h
./common/an_intent.h
./common/an_acp.h
./common/an_cd.h
./common/an_cnp.h
./common/an_nbr_db.h
./lib/olibc_common/inc/olibc_common.h
./lib/olibc_list/inc/olibc_list.h
./lib/olibc_list/src/olibc_list_internal.h
./lib/olibc_hash/inc/olibc_hash.h
./lib/olibc_hash/src/olibc_hash_internal.h
./lib/olibc_net/inc/olibc_if_event.h
./lib/olibc_net/inc/olibc_net.h
./lib/olibc_net/inc/olibc_addr.h
./lib/olibc_net/inc/olibc_if.h
./lib/olibc_net/inc/olibc_addr_event.h
./lib/olibc_net/src/olibc_addr_event_internal.h
./lib/olibc_net/src/olibc_if_event_internal.h
./lib/olibc_net/src/olibc_addr_rt_netlink.h
./lib/olibc_net/src/olibc_if_rt_netlink.h
./lib/olibc_net/src/olibc_rt_netlink.h
./lib/olibc_net/src/olibc_netlink.h
./lib/olibc_pak/inc/olibc_pak.h
./lib/olibc_pak/src/olibc_pak_internal.h
./lib/olibc_log/inc/olibc_log.h
./lib/olibc_cliParser/inc/cparser_options.h
./lib/olibc_cliParser/inc/cparser_tree.h
./lib/olibc_cliParser/inc/cparser.h
./lib/olibc_cliParser/inc/cparser_line.h
./lib/olibc_cliParser/inc/cparser_io.h
./lib/olibc_cliParser/src/cparser_token.h
./lib/olibc_cliParser/src/cparser_priv.h
./lib/olibc_cliParser/src/cparser_fsm.h
./lib/olibc_avl/inc/olibc_avl.h
./lib/olibc_event/inc/olibc_fd_event.h
./lib/olibc_event/inc/olibc_timer.h
./lib/olibc_event/inc/olibc_msg_q.h
./lib/olibc_event/inc/olibc_pthread.h
./lib/olibc_event/src/olibc_fd_event_internal.h
./lib/olibc_event/src/olibc_msg_q_internal.h
./lib/olibc_event/src/olibc_timer_internal.h
./lib/olibc_event/src/olibc_pthread_internal.h
